-> GET /v1/api/one/user
<- 401 GET /v1/api/one/user
-> GET /sso/Login?forwardTo=22&RL=1&ip2loc=US
<- 200 GET /sso/Login?forwardTo=22&RL=1&ip2loc=US
-> GET /css/bootstrap-5.2.2/bootstrap.min.css
-> GET /css/fontawesome-6.4.2/all.min.css
<- 200 GET /css/bootstrap-5.2.2/bootstrap.min.css
-> GET /css/bootstrap-switch-3.3.2/bootstrap-switch.min.css
<- 200 GET /css/fontawesome-6.4.2/all.min.css
-> GET /css/reg-am/login.min.css
<- 200 GET /css/bootstrap-switch-3.3.2/bootstrap-switch.min.css
-> GET /css/ibkr/theme-ibkr-portal.min.css
<- 200 GET /css/reg-am/login.min.css
-> GET /scripts/common/js/jquery-3.7.0/jquery.min.js
<- 200 GET /css/ibkr/theme-ibkr-portal.min.css
-> GET /scripts/common/js/bootstrap-5.2.2/bootstrap.bundle.min.js
<- 200 GET /scripts/common/js/jquery-3.7.0/jquery.min.js
-> GET /sso/lib/xyz.bundle.min.js
<- 200 GET /scripts/common/js/bootstrap-5.2.2/bootstrap.bundle.min.js
<- 200 GET /sso/lib/xyz.bundle.min.js
-> GET /images/common/logos/ibkr/interactive-brokers.svg
-> GET /fonts/proxima-nova/Proxima-Nova-Regular.woff2
-> GET /fonts/proxima-nova/Proxima-Nova-Semibold.woff2
-> GET /fonts/fontawesome-6.4.2/webfonts/fa-solid-900.woff2
-> GET /fonts/fontawesome-6.4.2/webfonts/fa-brands-400.woff2
<- 200 GET /images/common/logos/ibkr/interactive-brokers.svg
-> POST /sso/report
-> POST /portal.proxy/v1/gstat/bulletins
<- 200 GET /fonts/proxima-nova/Proxima-Nova-Regular.woff2
<- 200 GET /fonts/proxima-nova/Proxima-Nova-Semibold.woff2
<- 200 GET /fonts/fontawesome-6.4.2/webfonts/fa-brands-400.woff2
<- 200 GET /fonts/fontawesome-6.4.2/webfonts/fa-solid-900.woff2
<- 204 POST /portal.proxy/v1/gstat/bulletins
<- 200 POST /sso/report
-> POST /sso/Authenticator
<- 200 POST /sso/Authenticator
-> POST /sso/Authenticator
<- 200 POST /sso/Authenticator
-> POST /sso/Authenticator
<- 200 POST /sso/Authenticator
-> POST /sso/Authenticator
<- 200 POST /sso/Authenticator
-> POST /sso/Dispatcher
<- 302 POST /sso/Dispatcher
-> request: /v1/api/sso/validate?gw=1
-> GET /v1/api/sso/validate?gw=1,200|377ms
-> request: /v1/api/one/user
-> request: /v1/api/ssodh/init
-> sso GET https://api.ibkr.com/v1/api/ssodh/init
-> GET /v1/api/one/user,200|354ms
-> request: /v1/api/ssodh/st
-> sso GET https://api.ibkr.com/v1/api/ssodh/st
-> request: /sso/Authenticator?ACTION=PUBLISH_TST&RESP_TYPE=JSON&DEVICE_ID=35453a21|60-DD-8E-B4-A4-B0
-> sso GET https://api.ibkr.com/sso/Authenticator?ACTION=PUBLISH_TST&RESP_TYPE=JSON&DEVICE_ID=35453a21|60-DD-8E-B4-A4-B0
<- 200 GET https://api.ibkr.com/sso/Authenticator?ACTION=PUBLISH_TST&RESP_TYPE=JSON&DEVICE_ID=35453a21|60-DD-8E-B4-A4-B0 0
-> request: /v1/api/iserver/auth/status
-> GET /v1/api/one/user
-> GET /v1/api/iserver/auth/status,200|75ms
-> request: /v1/api/iserver/auth/ssodh/init
<- 200 GET /v1/api/one/user
-> POST /v1/api/tickle
<- 200 POST /v1/api/tickle
-> request: /v1/api/sso/validate?gw=1
-> GET /v1/api/sso/validate?gw=1,200|126ms
-> request: /v1/api/one/user
-> request: /v1/api/ssodh/init
-> sso GET https://api.ibkr.com/v1/api/ssodh/init
-> GET /v1/api/one/user,200|90ms
-> POST https://api.ibkr.com/v1/api/iserver/auth/ssodh/init,200|1297ms
-> request: /v1/api/iserver/accounts
-> GET /v1/api/iserver/accounts,200|77ms
-> POST /v1/api/tickle
<- 200 POST /v1/api/tickle
-> GET /v1/api/one/user
<- 200 GET /v1/api/one/user
-> POST /v1/api/tickle
<- 200 POST /v1/api/tickle
-> POST /v1/api/tickle
<- 200 POST /v1/api/tickle
-> GET /v1/api/portfolio/U20334846/positions/0
<- 200 GET /v1/api/portfolio/U20334846/positions/0
-> GET /v1/api/portfolio/U20334846/ledger
<- 200 GET /v1/api/portfolio/U20334846/ledger
-> request: /v1/api/tickle
-> GET /v1/api/tickle,200|78ms
-> request: /v1/api/tickle
-> GET /v1/api/tickle,200|86ms
-> request: /v1/api/tickle
-> GET /v1/api/tickle,200|351ms
-> request: /v1/api/tickle
-> GET /v1/api/tickle,200|356ms
-> request: /v1/api/tickle
-> GET /v1/api/tickle,200|95ms
-> request: /v1/api/tickle
-> GET /v1/api/tickle,200|321ms
-> request: /v1/api/tickle
-> GET /v1/api/tickle,200|99ms
-> request: /v1/api/tickle
-> GET /v1/api/tickle,200|337ms
-> request: /v1/api/tickle
-> GET /v1/api/tickle,200|337ms
-> request: /sso/ping
-> GET /sso/ping,200|468ms
-> request: /v1/api/tickle
-> GET /v1/api/tickle,200|88ms
-> request: /v1/api/tickle
-> GET /v1/api/tickle,200|117ms
-> request: /v1/api/tickle
-> GET /v1/api/tickle,200|162ms
-> request: /v1/api/tickle
-> GET /v1/api/tickle,200|323ms
-> request: /v1/api/tickle
-> GET /v1/api/tickle,200|95ms
-> request: /v1/api/tickle
-> GET /v1/api/tickle,200|118ms
-> request: /v1/api/tickle
-> GET /v1/api/tickle,200|130ms
-> request: /v1/api/tickle
-> GET /v1/api/tickle,200|323ms
-> request: /v1/api/tickle
-> GET /v1/api/tickle,200|247ms
-> request: /v1/api/tickle
-> GET /v1/api/tickle,200|112ms
-> request: /sso/ping
-> GET /sso/ping,200|286ms
-> request: /v1/api/tickle
-> GET /v1/api/tickle,200|644ms
-> request: /v1/api/tickle
-> GET /v1/api/tickle,200|90ms
-> request: /v1/api/tickle
-> GET /v1/api/tickle,200|337ms
-> request: /v1/api/tickle
-> GET /v1/api/tickle,200|99ms
-> request: /v1/api/tickle
-> GET /v1/api/tickle,200|363ms
-> request: /v1/api/tickle
-> GET /v1/api/tickle,200|100ms
-> request: /v1/api/tickle
-> GET /v1/api/tickle,200|88ms
-> request: /v1/api/tickle
-> GET /v1/api/tickle,200|257ms
-> request: /v1/api/tickle
-> GET /v1/api/tickle,200|103ms
-> request: /v1/api/tickle
-> GET /v1/api/tickle,200|247ms
-> request: /sso/ping
-> GET /sso/ping,200|283ms
-> request: /v1/api/tickle
-> GET /v1/api/tickle,200|155ms
-> request: /v1/api/tickle
-> GET /v1/api/tickle,200|93ms
-> request: /v1/api/tickle
-> GET /v1/api/tickle,200|100ms
-> request: /v1/api/tickle
-> GET /v1/api/tickle,200|113ms
-> request: /v1/api/tickle
-> GET /v1/api/tickle,200|97ms
-> request: /v1/api/tickle
-> GET /v1/api/tickle,200|260ms
-> request: /v1/api/tickle
-> GET /v1/api/tickle,200|255ms
-> request: /v1/api/tickle
-> GET /v1/api/tickle,200|173ms
-> request: /v1/api/tickle
-> GET /v1/api/tickle,200|320ms
-> request: /v1/api/tickle
-> GET /v1/api/tickle,200|78ms
-> request: /sso/ping
-> GET /sso/ping,200|323ms
-> request: /v1/api/tickle
-> GET /v1/api/tickle,200|344ms
-> request: /v1/api/tickle
-> GET /v1/api/tickle,200|369ms
-> request: /v1/api/tickle
-> GET /v1/api/tickle,200|124ms
-> request: /v1/api/tickle
-> GET /v1/api/tickle,200|355ms
-> request: /v1/api/tickle
-> GET /v1/api/tickle,200|78ms
-> request: /v1/api/tickle
-> GET /v1/api/tickle,200|432ms
-> request: /v1/api/tickle
-> GET /v1/api/tickle,200|151ms
-> request: /v1/api/tickle
-> GET /v1/api/tickle,200|326ms
-> request: /v1/api/tickle
-> GET /v1/api/tickle,200|94ms
-> request: /v1/api/tickle
-> GET /v1/api/tickle,200|96ms
-> request: /sso/ping
-> GET /sso/ping,200|482ms
-> request: /v1/api/tickle
-> GET /v1/api/tickle,200|353ms
-> request: /v1/api/tickle
-> GET /v1/api/tickle,200|334ms
-> request: /v1/api/tickle
-> GET /v1/api/tickle,200|109ms
-> request: /v1/api/tickle
-> GET /v1/api/tickle,200|139ms
-> request: /v1/api/tickle
-> GET /v1/api/tickle,200|145ms
-> request: /v1/api/tickle
-> GET /v1/api/tickle,200|264ms
-> request: /v1/api/tickle
-> GET /v1/api/tickle,200|110ms
-> request: /v1/api/tickle
-> GET /v1/api/tickle,200|131ms
-> request: /v1/api/tickle
-> GET /v1/api/tickle,200|97ms
-> request: /v1/api/tickle
-> GET /v1/api/tickle,200|107ms
-> request: /sso/ping
-> GET /sso/ping,200|532ms
-> request: /v1/api/tickle
-> GET /v1/api/tickle,200|124ms
-> request: /v1/api/tickle
-> GET /v1/api/tickle,200|90ms
-> request: /v1/api/tickle
-> GET /v1/api/tickle,200|416ms
-> request: /v1/api/tickle
-> GET /v1/api/tickle,200|307ms
-> request: /v1/api/tickle
-> GET /v1/api/tickle,200|144ms
-> request: /v1/api/tickle
-> GET /v1/api/tickle,200|393ms
-> request: /v1/api/tickle
-> GET /v1/api/tickle,200|78ms
-> request: /v1/api/tickle
-> GET /v1/api/tickle,200|247ms
-> request: /v1/api/tickle
-> GET /v1/api/tickle,200|319ms
-> request: /v1/api/tickle
-> GET /v1/api/tickle,200|82ms
-> request: /sso/ping
-> GET /sso/ping,200|420ms
-> request: /v1/api/tickle
-> GET /v1/api/tickle,200|336ms
-> request: /v1/api/tickle
-> GET /v1/api/tickle,200|79ms
-> request: /v1/api/tickle
-> GET /v1/api/tickle,200|385ms
-> request: /v1/api/tickle
-> GET /v1/api/tickle,200|94ms
-> request: /v1/api/tickle
-> GET /v1/api/tickle,200|99ms
-> request: /v1/api/tickle
-> GET /v1/api/tickle,200|85ms
-> request: /v1/api/tickle
-> GET /v1/api/tickle,200|83ms
-> request: /v1/api/tickle
-> GET /v1/api/tickle,200|119ms
-> request: /v1/api/tickle
-> GET /v1/api/tickle,200|129ms
-> request: /v1/api/tickle
-> GET /v1/api/tickle,200|323ms
-> request: /sso/ping
-> GET /sso/ping,200|582ms
-> request: /v1/api/tickle
-> GET /v1/api/tickle,200|62ms
-> request: /v1/api/tickle
-> GET /v1/api/tickle,200|233ms
-> request: /v1/api/tickle
-> GET /v1/api/tickle,200|136ms
-> request: /v1/api/tickle
-> GET /v1/api/tickle,200|609ms
-> request: /v1/api/tickle
-> GET /v1/api/tickle,200|596ms
-> request: /v1/api/tickle
-> GET /v1/api/tickle,200|68ms
-> request: /v1/api/tickle
-> GET /v1/api/tickle,200|385ms
-> request: /v1/api/tickle
-> GET /v1/api/tickle,200|67ms
-> request: /v1/api/tickle
-> GET /v1/api/tickle,200|338ms
-> request: /v1/api/tickle
-> GET /v1/api/tickle,200|90ms
-> request: /sso/ping
-> GET /sso/ping,200|482ms
-> request: /v1/api/tickle
-> GET /v1/api/tickle,200|317ms
-> request: /v1/api/tickle
-> GET /v1/api/tickle,200|104ms
-> request: /v1/api/tickle
-> GET /v1/api/tickle,200|384ms
-> request: /v1/api/tickle
-> GET /v1/api/tickle,200|75ms
-> request: /v1/api/tickle
-> GET /v1/api/tickle,200|124ms
-> request: /v1/api/tickle
-> GET /v1/api/tickle,200|350ms
-> request: /v1/api/tickle
-> GET /v1/api/tickle,200|85ms
-> request: /v1/api/tickle
-> GET /v1/api/tickle,200|260ms
-> request: /v1/api/tickle
-> GET /v1/api/tickle,200|109ms
-> request: /v1/api/tickle
-> GET /v1/api/tickle,200|129ms
-> request: /sso/ping
-> GET /sso/ping,200|330ms
-> request: /v1/api/tickle
-> GET /v1/api/tickle,200|356ms
-> request: /v1/api/tickle
-> GET /v1/api/tickle,200|269ms
-> request: /v1/api/tickle
-> GET /v1/api/tickle,200|134ms
-> request: /v1/api/tickle
-> GET /v1/api/tickle,200|89ms
-> request: /v1/api/tickle
-> GET /v1/api/tickle,200|535ms
-> request: /v1/api/tickle
-> GET /v1/api/tickle,200|77ms
-> request: /v1/api/tickle
-> GET /v1/api/tickle,200|354ms
-> request: /v1/api/tickle
-> GET /v1/api/tickle,200|81ms
-> request: /v1/api/tickle
-> GET /v1/api/tickle,200|94ms
-> request: /v1/api/tickle
-> GET /v1/api/tickle,200|252ms
-> request: /sso/ping
-> GET /sso/ping,200|507ms
-> request: /v1/api/tickle
-> GET /v1/api/tickle,200|116ms
-> request: /v1/api/tickle
-> GET /v1/api/tickle,200|111ms
-> request: /v1/api/tickle
-> GET /v1/api/tickle,200|83ms
-> request: /v1/api/tickle
-> GET /v1/api/tickle,200|75ms
-> request: /v1/api/tickle
-> GET /v1/api/tickle,200|320ms
-> request: /v1/api/tickle
-> GET /v1/api/tickle,200|316ms
-> request: /v1/api/tickle
-> GET /v1/api/tickle,200|98ms
-> request: /v1/api/tickle
-> GET /v1/api/tickle,200|106ms
-> request: /v1/api/tickle
-> GET /v1/api/tickle,200|280ms
-> request: /v1/api/tickle
-> GET /v1/api/tickle,200|137ms
-> request: /sso/ping
-> GET /sso/ping,200|465ms
-> request: /v1/api/tickle
-> GET /v1/api/tickle,200|251ms
-> request: /v1/api/tickle
-> GET /v1/api/tickle,200|63ms
-> request: /v1/api/tickle
-> GET /v1/api/tickle,200|359ms
-> request: /v1/api/tickle
-> GET /v1/api/tickle,200|125ms
-> request: /v1/api/tickle
-> GET /v1/api/tickle,200|144ms
-> request: /v1/api/tickle
-> GET /v1/api/tickle,200|383ms
-> request: /v1/api/tickle
-> GET /v1/api/tickle,200|116ms
-> request: /v1/api/tickle
-> GET /v1/api/tickle,200|275ms
-> request: /v1/api/tickle
-> GET /v1/api/tickle,200|94ms
-> request: /v1/api/tickle
-> GET /v1/api/tickle,200|339ms
-> request: /sso/ping
-> GET /sso/ping,200|330ms
-> request: /v1/api/tickle
-> GET /v1/api/tickle,200|97ms
-> request: /v1/api/tickle
-> GET /v1/api/tickle,200|150ms
-> request: /v1/api/tickle
-> GET /v1/api/tickle,200|173ms
-> request: /v1/api/tickle
-> GET /v1/api/tickle,200|147ms
-> request: /v1/api/tickle
-> GET /v1/api/tickle,200|77ms
-> request: /v1/api/tickle
-> GET /v1/api/tickle,200|243ms
-> request: /v1/api/tickle
-> GET /v1/api/tickle,200|152ms
-> request: /v1/api/tickle
-> GET /v1/api/tickle,200|106ms
-> request: /v1/api/tickle
-> GET /v1/api/tickle,200|91ms
-> request: /v1/api/tickle
-> GET /v1/api/tickle,200|81ms
-> request: /sso/ping
-> GET /sso/ping,200|397ms
-> request: /v1/api/tickle
-> GET /v1/api/tickle,200|355ms
-> request: /v1/api/tickle
-> GET /v1/api/tickle,200|84ms
-> request: /v1/api/tickle
-> GET /v1/api/tickle,200|364ms
-> request: /v1/api/tickle
-> GET /v1/api/tickle,200|88ms
-> request: /v1/api/tickle
-> GET /v1/api/tickle,200|88ms
-> request: /v1/api/tickle
-> GET /v1/api/tickle,200|75ms
-> request: /v1/api/tickle
-> GET /v1/api/tickle,200|411ms
-> request: /v1/api/tickle
-> GET /v1/api/tickle,200|82ms
-> request: /v1/api/tickle
-> GET /v1/api/tickle,200|93ms
-> request: /v1/api/tickle
-> GET /v1/api/tickle,200|104ms
-> request: /sso/ping
-> GET /sso/ping,200|319ms
-> request: /v1/api/tickle
-> GET /v1/api/tickle,200|323ms
-> request: /v1/api/tickle
-> GET /v1/api/tickle,200|96ms
-> request: /v1/api/tickle
-> GET /v1/api/tickle,200|82ms
-> request: /v1/api/tickle
-> GET /v1/api/tickle,200|91ms
-> request: /v1/api/tickle
-> GET /v1/api/tickle,200|239ms
-> request: /v1/api/tickle
-> GET /v1/api/tickle,200|112ms
-> request: /v1/api/tickle
-> GET /v1/api/tickle,200|359ms
-> request: /v1/api/tickle
-> GET /v1/api/tickle,200|81ms
-> request: /v1/api/tickle
-> GET /v1/api/tickle,200|143ms
-> request: /v1/api/tickle
-> GET /v1/api/tickle,200|334ms
-> request: /sso/ping
-> GET /sso/ping,200|323ms
-> request: /v1/api/tickle
-> GET /v1/api/tickle,200|182ms
-> request: /v1/api/tickle
-> GET /v1/api/tickle,200|101ms
-> request: /v1/api/tickle
-> GET /v1/api/tickle,200|105ms
-> request: /v1/api/tickle
-> GET /v1/api/tickle,200|344ms
-> request: /v1/api/tickle
-> GET /v1/api/tickle,200|101ms
-> request: /v1/api/tickle
-> GET /v1/api/tickle,200|338ms
-> request: /v1/api/tickle
-> GET /v1/api/tickle,200|83ms
-> request: /v1/api/tickle
-> GET /v1/api/tickle,200|566ms
-> request: /v1/api/tickle
-> GET /v1/api/tickle,200|247ms
-> request: /v1/api/tickle
-> GET /v1/api/tickle,200|115ms
-> request: /sso/ping
-> GET /sso/ping,200|526ms
-> request: /v1/api/tickle
-> GET /v1/api/tickle,200|121ms
-> request: /v1/api/tickle
-> GET /v1/api/tickle,200|78ms
-> request: /v1/api/tickle
-> GET /v1/api/tickle,200|109ms
-> request: /v1/api/tickle
-> GET /v1/api/tickle,200|93ms
-> request: /v1/api/tickle
-> GET /v1/api/tickle,200|97ms
-> request: /v1/api/tickle
-> GET /v1/api/tickle,200|78ms
-> request: /v1/api/tickle
-> request: /sso/ping
-> request: /v1/api/tickle
-> request: /sso/ping
-> request: /v1/api/tickle
-> request: /v1/api/tickle
-> request: /v1/api/tickle
-> request: /v1/api/tickle
-> request: /v1/api/tickle
-> request: /v1/api/tickle
-> request: /v1/api/tickle
-> request: /v1/api/tickle
-> request: /v1/api/tickle
-> request: /v1/api/tickle
-> request: /v1/api/tickle
-> request: /v1/api/tickle
-> request: /v1/api/tickle
-> request: /v1/api/tickle
-> request: /v1/api/tickle
-> request: /v1/api/tickle
-> request: /v1/api/tickle
-> request: /v1/api/tickle
-> request: /v1/api/tickle
-> request: /v1/api/tickle
-> request: /v1/api/tickle
-> request: /v1/api/tickle
-> GET /v1/api/tickle,200|780ms
-> GET /v1/api/tickle,200|787ms
-> GET /v1/api/tickle,200|787ms
-> GET /v1/api/tickle,200|814ms
-> GET /v1/api/tickle,200|814ms
-> GET /v1/api/tickle,200|888ms
-> GET /v1/api/tickle,200|896ms
-> GET /v1/api/tickle,200|914ms
-> GET /v1/api/tickle,200|923ms
-> GET /v1/api/tickle,200|923ms
-> GET /v1/api/tickle,200|978ms
-> GET /v1/api/tickle,200|1011ms
-> GET /v1/api/tickle,200|1019ms
-> GET /v1/api/tickle,200|1081ms
-> GET /v1/api/tickle,200|1081ms
-> GET /v1/api/tickle,200|1089ms
-> GET /v1/api/tickle,200|1089ms
-> GET /v1/api/tickle,200|1106ms
-> GET /v1/api/tickle,200|1179ms
-> GET /v1/api/tickle,200|1179ms
-> GET /v1/api/tickle,200|1195ms
-> request: /sso/ping
-> GET /sso/ping,200|333ms
-> request: /v1/api/tickle
-> GET /v1/api/tickle,200|89ms
-> request: /v1/api/tickle
-> GET /v1/api/tickle,200|89ms
-> request: /v1/api/tickle
-> GET /v1/api/tickle,200|192ms
-> request: /v1/api/tickle
-> GET /v1/api/tickle,200|395ms
-> request: /v1/api/tickle
-> GET /v1/api/tickle,200|82ms
-> request: /v1/api/tickle
-> GET /v1/api/tickle,200|389ms
-> request: /v1/api/tickle
-> GET /v1/api/tickle,200|81ms
-> request: /v1/api/tickle
-> GET /v1/api/tickle,200|88ms
-> request: /v1/api/tickle
-> GET /v1/api/tickle,200|300ms
-> request: /v1/api/tickle
-> GET /v1/api/tickle,200|97ms
-> request: /sso/ping
-> GET /sso/ping,200|293ms
-> request: /v1/api/tickle
-> GET /v1/api/tickle,200|350ms
-> request: /v1/api/tickle
-> GET /v1/api/tickle,200|220ms
-> request: /v1/api/tickle
-> GET /v1/api/tickle,200|313ms
-> request: /v1/api/tickle
-> GET /v1/api/tickle,200|317ms
-> request: /v1/api/tickle
-> GET /v1/api/tickle,200|97ms
-> request: /v1/api/tickle
-> GET /v1/api/tickle,200|89ms
-> request: /v1/api/tickle
-> request: /v1/api/tickle
-> request: /v1/api/tickle
-> request: /v1/api/tickle
-> request: /sso/ping
-> request: /v1/api/tickle
-> request: /v1/api/tickle
-> request: /v1/api/tickle
-> request: /v1/api/tickle
-> request: /v1/api/tickle
-> request: /v1/api/tickle
