-> GET /sso/Login?forwardTo=22&RL=1&ip2loc=US
<- 200 GET /sso/Login?forwardTo=22&RL=1&ip2loc=US
-> GET /css/bootstrap-5.2.2/bootstrap.min.css
-> GET /css/fontawesome-6.4.2/all.min.css
<- 200 GET /css/bootstrap-5.2.2/bootstrap.min.css
-> GET /css/bootstrap-switch-3.3.2/bootstrap-switch.min.css
<- 200 GET /css/fontawesome-6.4.2/all.min.css
<- 200 GET /css/bootstrap-switch-3.3.2/bootstrap-switch.min.css
-> GET /css/am/login.min.css
-> GET /css/ibkr/theme-ibkr-portal.min.css
<- 200 GET /css/ibkr/theme-ibkr-portal.min.css
-> GET /scripts/common/js/jquery-3.7.0/jquery.min.js
<- 200 GET /css/am/login.min.css
-> GET /scripts/common/js/bootstrap-5.2.2/bootstrap.bundle.min.js
<- 200 GET /scripts/common/js/jquery-3.7.0/jquery.min.js
<- 200 GET /scripts/common/js/bootstrap-5.2.2/bootstrap.bundle.min.js
-> GET /sso/lib/xyz.bundle.min.js
-> GET /css/ibkr/themes/theme-ibkr-portal.min.css
<- 200 GET /sso/lib/xyz.bundle.min.js
<- 200 GET /css/ibkr/themes/theme-ibkr-portal.min.css
-> GET /images/common/logos/ibkr/interactive-brokers.svg
-> GET /fonts/proxima-nova/Proxima-Nova-Regular.woff2
-> GET /fonts/fontawesome-6.4.2/webfonts/fa-solid-900.woff2
-> GET /fonts/fontawesome-6.4.2/webfonts/fa-brands-400.woff2
-> GET /fonts/proxima-nova/Proxima-Nova-Semibold.woff2
<- 200 GET /images/common/logos/ibkr/interactive-brokers.svg
<- 200 GET /fonts/proxima-nova/Proxima-Nova-Regular.woff2
-> POST /sso/report
-> POST /portal.proxy/v1/gstat/bulletins
<- 200 GET /fonts/fontawesome-6.4.2/webfonts/fa-solid-900.woff2
<- 200 GET /fonts/fontawesome-6.4.2/webfonts/fa-brands-400.woff2
<- 200 GET /fonts/proxima-nova/Proxima-Nova-Semibold.woff2
<- 204 POST /portal.proxy/v1/gstat/bulletins
-> GET /images/web/favicons/home-screen-icon-128x128.png
<- 200 POST /sso/report
<- 200 GET /images/web/favicons/home-screen-icon-128x128.png
-> POST /sso/Authenticator
<- 200 POST /sso/Authenticator
-> POST /sso/Authenticator
<- 200 POST /sso/Authenticator
-> POST /sso/Authenticator
<- 200 POST /sso/Authenticator
-> POST /sso/Authenticator
<- 200 POST /sso/Authenticator
-> POST /sso/Authenticator
<- 200 POST /sso/Authenticator
-> POST /sso/Authenticator
<- 200 POST /sso/Authenticator
-> POST /sso/Dispatcher
<- 302 POST /sso/Dispatcher
-> request: /v1/api/sso/validate?gw=1
-> GET /v1/api/sso/validate?gw=1,200|421ms
-> request: /v1/api/one/user
-> request: /v1/api/ssodh/init
-> sso GET https://api.ibkr.com/v1/api/ssodh/init
-> GET /v1/api/one/user,200|388ms
-> request: /v1/api/ssodh/st
-> sso GET https://api.ibkr.com/v1/api/ssodh/st
-> request: /sso/Authenticator?ACTION=PUBLISH_TST&RESP_TYPE=JSON&DEVICE_ID=3c6d345f|60-DD-8E-B4-A4-B0
-> sso GET https://api.ibkr.com/sso/Authenticator?ACTION=PUBLISH_TST&RESP_TYPE=JSON&DEVICE_ID=3c6d345f|60-DD-8E-B4-A4-B0
<- 200 GET https://api.ibkr.com/sso/Authenticator?ACTION=PUBLISH_TST&RESP_TYPE=JSON&DEVICE_ID=3c6d345f|60-DD-8E-B4-A4-B0 0
-> request: /v1/api/iserver/auth/status
-> POST /v1/api/tickle
-> GET /v1/api/iserver/auth/status,200|164ms
-> request: /v1/api/iserver/auth/ssodh/init
<- 200 POST /v1/api/tickle
-> request: /v1/api/sso/validate?gw=1
-> POST /v1/api/tickle
<- 200 POST /v1/api/tickle
-> GET /v1/api/sso/validate?gw=1,200|139ms
-> request: /v1/api/one/user
-> request: /v1/api/ssodh/init
-> sso GET https://api.ibkr.com/v1/api/ssodh/init
-> GET /v1/api/one/user,200|1385ms
-> POST https://api.ibkr.com/v1/api/iserver/auth/ssodh/init,200|2050ms
-> request: /v1/api/iserver/accounts
-> GET /v1/api/iserver/accounts,200|468ms
-> POST /v1/api/tickle
<- 200 POST /v1/api/tickle
-> GET /v1/api/portfolio/accounts
<- 200 GET /v1/api/portfolio/accounts
-> GET /v1/api/portfolio/U20334846/positions/0
<- 200 GET /v1/api/portfolio/U20334846/positions/0
-> GET /v1/api/portfolio/U20334846/ledger
<- 200 GET /v1/api/portfolio/U20334846/ledger
-> request: /v1/api/tickle
-> GET /v1/api/tickle,200|156ms
-> request: /v1/api/tickle
-> GET /v1/api/tickle,200|156ms
-> request: /v1/api/tickle
-> GET /v1/api/tickle,200|198ms
-> request: /v1/api/tickle
-> GET /v1/api/tickle,200|111ms
-> request: /v1/api/tickle
-> GET /v1/api/tickle,200|358ms
-> request: /v1/api/tickle
-> GET /v1/api/tickle,200|156ms
-> request: /v1/api/tickle
-> GET /v1/api/tickle,200|1278ms
-> request: /v1/api/tickle
-> GET /v1/api/tickle,200|148ms
-> request: /v1/api/tickle
-> GET /v1/api/tickle,200|224ms
-> request: /sso/ping
-> GET /sso/ping,200|344ms
-> request: /v1/api/tickle
-> GET /v1/api/tickle,200|341ms
-> request: /v1/api/tickle
-> GET /v1/api/tickle,200|177ms
-> request: /v1/api/tickle
-> GET /v1/api/tickle,200|406ms
-> request: /v1/api/tickle
-> GET /v1/api/tickle,200|1770ms
